Component: ARM Compiler 5.06 update 6 (build 750) Tool: armlink [4d35ed]

==============================================================================

Section Cross References

    main.o(i.BUF_DATA_new) refers to _scanf_int.o(.text) for _scanf_int
    main.o(i.BUF_DATA_new) refers to _scanf_str.o(.text) for _scanf_string
    main.o(i.BUF_DATA_new) refers to scanf_fp.o(.text) for _scanf_real
    main.o(i.BUF_DATA_new) refers to __0sscanf.o(.text) for __0sscanf
    main.o(i.BUF_DATA_new) refers to fmul.o(.text) for __aeabi_fmul
    main.o(i.BUF_DATA_new) refers to ffixui.o(.text) for __aeabi_f2uiz
    main.o(i.BUF_DATA_new) refers to f2d.o(.text) for __aeabi_f2d
    main.o(i.BUF_DATA_new) refers to dmul.o(.text) for __aeabi_dmul
    main.o(i.BUF_DATA_new) refers to dfixui.o(.text) for __aeabi_d2uiz
    main.o(i.BUF_DATA_new) refers to main.o(.bss) for GPS_RMC
    main.o(i.LCD_Char) refers to main.o(i.I2C_Start) for I2C_Start
    main.o(i.LCD_Char) refers to main.o(i.I2C_write) for I2C_write
    main.o(i.LCD_Char) refers to main.o(i.I2C_Stop) for I2C_Stop
    main.o(i.LCD_Char) refers to main.o(.constdata) for T191_font
    main.o(i.LCD_Clear) refers to main.o(i.LCD_PrintStr) for LCD_PrintStr
    main.o(i.LCD_ClearStr) refers to main.o(i.LCD_Gotoxy) for LCD_Gotoxy
    main.o(i.LCD_ClearStr) refers to main.o(i.LCD_PrintStr) for LCD_PrintStr
    main.o(i.LCD_Gotoxy) refers to main.o(i.I2C_Start) for I2C_Start
    main.o(i.LCD_Gotoxy) refers to main.o(i.I2C_write) for I2C_write
    main.o(i.LCD_Gotoxy) refers to main.o(i.I2C_Stop) for I2C_Stop
    main.o(i.LCD_Init) refers to main.o(i.delay_ms) for delay_ms
    main.o(i.LCD_Init) refers to main.o(i.I2C_Start) for I2C_Start
    main.o(i.LCD_Init) refers to main.o(i.I2C_write) for I2C_write
    main.o(i.LCD_Init) refers to main.o(i.I2C_Stop) for I2C_Stop
    main.o(i.LCD_PrintBin) refers to main.o(i.LCD_Char) for LCD_Char
    main.o(i.LCD_PrintDec) refers to idiv.o(.text) for __aeabi_idivmod
    main.o(i.LCD_PrintDec) refers to main.o(i.LCD_Char) for LCD_Char
    main.o(i.LCD_PrintHex) refers to main.o(i.LCD_Char) for LCD_Char
    main.o(i.LCD_PrintStr) refers to main.o(i.LCD_Char) for LCD_Char
    main.o(i.LCD_Write_data) refers to main.o(i.I2C_Start) for I2C_Start
    main.o(i.LCD_Write_data) refers to main.o(i.I2C_write) for I2C_write
    main.o(i.LCD_Write_data) refers to main.o(i.I2C_Stop) for I2C_Stop
    main.o(i.LCD_mode) refers to main.o(i.I2C_Start) for I2C_Start
    main.o(i.LCD_mode) refers to main.o(i.I2C_write) for I2C_write
    main.o(i.LCD_mode) refers to main.o(i.I2C_Stop) for I2C_Stop
    main.o(i.TIM17_IRQHandler) refers to main.o(i.TimingDelayDec) for TimingDelayDec
    main.o(i.TimingDelayDec) refers to main.o(.data) for TimingDelay
    main.o(i.USART1_IRQHandler) refers to main.o(.bss) for USART_BUF
    main.o(i.USART1_IRQHandler) refers to main.o(.data) for usart_rx
    main.o(i.delay_ms) refers to main.o(.data) for TimingDelay
    main.o(i.initial) refers to main.o(i.__NVIC_EnableIRQ) for __NVIC_EnableIRQ
    main.o(i.initial) refers to main.o(i.__NVIC_SetPriority) for __NVIC_SetPriority
    main.o(i.main) refers to main.o(i.initial) for initial
    main.o(i.main) refers to main.o(i.LCD_Init) for LCD_Init
    main.o(i.main) refers to main.o(i.LCD_Clear) for LCD_Clear
    main.o(i.main) refers to main.o(i.LCD_Gotoxy) for LCD_Gotoxy
    main.o(i.main) refers to main.o(i.LCD_PrintStr) for LCD_PrintStr
    main.o(i.main) refers to main.o(i.BUF_DATA_new) for BUF_DATA_new
    main.o(i.main) refers to main.o(i.LCD_PrintDec) for LCD_PrintDec
    main.o(i.main) refers to uidiv.o(.text) for __aeabi_uidivmod
    main.o(i.main) refers to main.o(i.LCD_Char) for LCD_Char
    main.o(i.main) refers to main.o(i.LCD_ClearStr) for LCD_ClearStr
    main.o(i.main) refers to main.o(.data) for word_flag
    main.o(i.main) refers to main.o(.bss) for GPS_RMC
    startup_stm32f042x6.o(RESET) refers to startup_stm32f042x6.o(STACK) for __initial_sp
    startup_stm32f042x6.o(RESET) refers to startup_stm32f042x6.o(.text) for Reset_Handler
    startup_stm32f042x6.o(RESET) refers to main.o(i.TIM17_IRQHandler) for TIM17_IRQHandler
    startup_stm32f042x6.o(RESET) refers to main.o(i.USART1_IRQHandler) for USART1_IRQHandler
    startup_stm32f042x6.o(.text) refers to startup_stm32f042x6.o(STACK) for __initial_sp
    startup_stm32f042x6.o(.text) refers to system_stm32f0xx.o(i.SystemInit) for SystemInit
    startup_stm32f042x6.o(.text) refers to entry.o(.ARM.Collect$$$$00000000) for __main
    system_stm32f0xx.o(i.SystemCoreClockUpdate) refers to uidiv.o(.text) for __aeabi_uidivmod
    system_stm32f0xx.o(i.SystemCoreClockUpdate) refers to system_stm32f0xx.o(.data) for SystemCoreClock
    system_stm32f0xx.o(i.SystemCoreClockUpdate) refers to system_stm32f0xx.o(.constdata) for AHBPrescTable
    entry.o(.ARM.Collect$$$$00000000) refers (Special) to entry10a.o(.ARM.Collect$$$$0000000D) for __rt_final_cpp
    entry.o(.ARM.Collect$$$$00000000) refers (Special) to entry11a.o(.ARM.Collect$$$$0000000F) for __rt_final_exit
    entry.o(.ARM.Collect$$$$00000000) refers (Special) to entry7b.o(.ARM.Collect$$$$00000008) for _main_clock
    entry.o(.ARM.Collect$$$$00000000) refers (Special) to entry8b.o(.ARM.Collect$$$$0000000A) for _main_cpp_init
    entry.o(.ARM.Collect$$$$00000000) refers (Special) to entry9a.o(.ARM.Collect$$$$0000000B) for _main_init
    entry.o(.ARM.Collect$$$$00000000) refers (Special) to entry5.o(.ARM.Collect$$$$00000004) for _main_scatterload
    entry.o(.ARM.Collect$$$$00000000) refers (Special) to entry2.o(.ARM.Collect$$$$00000001) for _main_stk
    idiv.o(.text) refers to uidiv.o(.text) for __aeabi_uidivmod
    __0sscanf.o(.text) refers to scanf_char.o(.text) for __vfscanf_char
    __0sscanf.o(.text) refers to _sgetc.o(.text) for _sgetc
    _scanf_int.o(.text) refers to _chval.o(.text) for _chval
    scanf_fp.o(.text) refers (Special) to iusefp.o(.text) for __I$use$fp
    scanf_fp.o(.text) refers to llmul.o(.text) for __aeabi_lmul
    scanf_fp.o(.text) refers to dfltul.o(.text) for __aeabi_ul2d
    scanf_fp.o(.text) refers to dmul.o(.text) for __aeabi_dmul
    scanf_fp.o(.text) refers to ddiv.o(.text) for __aeabi_ddiv
    scanf_fp.o(.text) refers to scanf_fp.o(i._is_digit) for _is_digit
    scanf_fp.o(.text) refers to d2f.o(.text) for __aeabi_d2f
    fmul.o(.text) refers (Special) to iusefp.o(.text) for __I$use$fp
    dmul.o(.text) refers (Special) to iusefp.o(.text) for __I$use$fp
    dmul.o(.text) refers to depilogue.o(.text) for _double_epilogue
    ffixui.o(.text) refers (Special) to iusefp.o(.text) for __I$use$fp
    dfixui.o(.text) refers (Special) to iusefp.o(.text) for __I$use$fp
    dfixui.o(.text) refers to llushr.o(.text) for __aeabi_llsr
    f2d.o(.text) refers (Special) to iusefp.o(.text) for __I$use$fp
    entry2.o(.ARM.Collect$$$$00000001) refers to entry2.o(.ARM.Collect$$$$00002712) for __lit__00000000
    entry2.o(.ARM.Collect$$$$00002712) refers to startup_stm32f042x6.o(STACK) for __initial_sp
    entry2.o(__vectab_stack_and_reset_area) refers to startup_stm32f042x6.o(STACK) for __initial_sp
    entry2.o(__vectab_stack_and_reset_area) refers to entry.o(.ARM.Collect$$$$00000000) for __main
    entry5.o(.ARM.Collect$$$$00000004) refers to init.o(.text) for __scatterload
    entry9a.o(.ARM.Collect$$$$0000000B) refers to main.o(i.main) for main
    entry9b.o(.ARM.Collect$$$$0000000C) refers to main.o(i.main) for main
    llmul.o(.text) refers to llshl.o(.text) for __aeabi_llsl
    scanf_char.o(.text) refers to _scanf.o(.text) for __vfscanf
    scanf_char.o(.text) refers to isspace_c.o(.text) for isspace
    depilogue.o(.text) refers to depilogue.o(i.__ARM_clz) for __ARM_clz
    depilogue.o(.text) refers to llshl.o(.text) for __aeabi_llsl
    depilogue.o(.text) refers to llushr.o(.text) for __aeabi_llsr
    ddiv.o(.text) refers to depilogue.o(.text) for _double_round
    dfltul.o(.text) refers to depilogue.o(.text) for _double_epilogue
    d2f.o(.text) refers to fepilogue.o(.text) for _float_round
    init.o(.text) refers to entry5.o(.ARM.Collect$$$$00000004) for __main_after_scatterload
    isspace_c.o(.text) refers to ctype_c.o(.text) for __ctype_lookup
    _scanf.o(.text) refers (Weak) to scanf_fp.o(.text) for _scanf_real
    _scanf.o(.text) refers (Weak) to _scanf_int.o(.text) for _scanf_int
    _scanf.o(.text) refers (Weak) to _scanf_str.o(.text) for _scanf_string
    ctype_c.o(.text) refers to ctype_c.o(.constdata) for .constdata
    scanf_fp.o(i._is_digit) refers (Special) to iusefp.o(.text) for __I$use$fp


==============================================================================

Removing Unused input sections from the image.

    Removing main.o(.rev16_text), (4 bytes).
    Removing main.o(.revsh_text), (4 bytes).
    Removing main.o(i.LCD_PrintBin), (94 bytes).
    Removing main.o(i.LCD_PrintHex), (124 bytes).
    Removing main.o(i.LCD_Write_data), (26 bytes).
    Removing main.o(i.LCD_mode), (56 bytes).
    Removing startup_stm32f042x6.o(HEAP), (512 bytes).
    Removing system_stm32f0xx.o(.rev16_text), (4 bytes).
    Removing system_stm32f0xx.o(.revsh_text), (4 bytes).
    Removing system_stm32f0xx.o(i.SystemCoreClockUpdate), (208 bytes).
    Removing system_stm32f0xx.o(.constdata), (24 bytes).
    Removing system_stm32f0xx.o(.data), (4 bytes).

12 unused section(s) (total 1064 bytes) removed from the image.

==============================================================================

Image Symbol Table

    Local Symbols

    Symbol Name                              Value     Ov Type        Size  Object(Section)

    ../clib/microlib/ctype/ctype.c           0x00000000   Number         0  ctype_c.o ABSOLUTE
    ../clib/microlib/ctype/ctype.c           0x00000000   Number         0  isspace_c.o ABSOLUTE
    ../clib/microlib/division.c              0x00000000   Number         0  uidiv.o ABSOLUTE
    ../clib/microlib/division.c              0x00000000   Number         0  idiv.o ABSOLUTE
    ../clib/microlib/init/entry.s            0x00000000   Number         0  entry9a.o ABSOLUTE
    ../clib/microlib/init/entry.s            0x00000000   Number         0  entry2.o ABSOLUTE
    ../clib/microlib/init/entry.s            0x00000000   Number         0  entry10b.o ABSOLUTE
    ../clib/microlib/init/entry.s            0x00000000   Number         0  entry9b.o ABSOLUTE
    ../clib/microlib/init/entry.s            0x00000000   Number         0  entry.o ABSOLUTE
    ../clib/microlib/init/entry.s            0x00000000   Number         0  entry8b.o ABSOLUTE
    ../clib/microlib/init/entry.s            0x00000000   Number         0  entry8a.o ABSOLUTE
    ../clib/microlib/init/entry.s            0x00000000   Number         0  entry7b.o ABSOLUTE
    ../clib/microlib/init/entry.s            0x00000000   Number         0  entry7a.o ABSOLUTE
    ../clib/microlib/init/entry.s            0x00000000   Number         0  entry10a.o ABSOLUTE
    ../clib/microlib/init/entry.s            0x00000000   Number         0  entry5.o ABSOLUTE
    ../clib/microlib/init/entry.s            0x00000000   Number         0  entry11b.o ABSOLUTE
    ../clib/microlib/init/entry.s            0x00000000   Number         0  entry11a.o ABSOLUTE
    ../clib/microlib/longlong.c              0x00000000   Number         0  llshl.o ABSOLUTE
    ../clib/microlib/longlong.c              0x00000000   Number         0  llmul.o ABSOLUTE
    ../clib/microlib/longlong.c              0x00000000   Number         0  llushr.o ABSOLUTE
    ../clib/microlib/stubs.s                 0x00000000   Number         0  iusefp.o ABSOLUTE
    ../clib/scanf.c                          0x00000000   Number         0  scanf_fp.o ABSOLUTE
    ../clib/scanf.c                          0x00000000   Number         0  _chval.o ABSOLUTE
    ../clib/scanf.c                          0x00000000   Number         0  scanf_char.o ABSOLUTE
    ../clib/scanf.c                          0x00000000   Number         0  _sgetc.o ABSOLUTE
    ../clib/scanf.c                          0x00000000   Number         0  _scanf.o ABSOLUTE
    ../clib/scanf.c                          0x00000000   Number         0  __0sscanf.o ABSOLUTE
    ../clib/scanf.c                          0x00000000   Number         0  _scanf_int.o ABSOLUTE
    ../clib/scanf.c                          0x00000000   Number         0  _scanf_str.o ABSOLUTE
    ../fplib/microlib/d2f.c                  0x00000000   Number         0  d2f.o ABSOLUTE
    ../fplib/microlib/f2d.c                  0x00000000   Number         0  f2d.o ABSOLUTE
    ../fplib/microlib/fpdiv.c                0x00000000   Number         0  ddiv.o ABSOLUTE
    ../fplib/microlib/fpepilogue.c           0x00000000   Number         0  fepilogue.o ABSOLUTE
    ../fplib/microlib/fpepilogue.c           0x00000000   Number         0  depilogue.o ABSOLUTE
    ../fplib/microlib/fpfix.c                0x00000000   Number         0  ffixui.o ABSOLUTE
    ../fplib/microlib/fpfix.c                0x00000000   Number         0  dfixui.o ABSOLUTE
    ../fplib/microlib/fpflt.c                0x00000000   Number         0  dfltul.o ABSOLUTE
    ../fplib/microlib/fpmul.c                0x00000000   Number         0  dmul.o ABSOLUTE
    ../fplib/microlib/fpmul.c                0x00000000   Number         0  fmul.o ABSOLUTE
    RTE\Device\STM32F042G4Ux\startup_stm32f042x6.s 0x00000000   Number         0  startup_stm32f042x6.o ABSOLUTE
    RTE\Device\STM32F042G4Ux\system_stm32f0xx.c 0x00000000   Number         0  system_stm32f0xx.o ABSOLUTE
    RTE\\Device\\STM32F042G4Ux\\system_stm32f0xx.c 0x00000000   Number         0  system_stm32f0xx.o ABSOLUTE
    dc.s                                     0x00000000   Number         0  dc.o ABSOLUTE
    handlers.s                               0x00000000   Number         0  handlers.o ABSOLUTE
    init.s                                   0x00000000   Number         0  init.o ABSOLUTE
    main.c                                   0x00000000   Number         0  main.o ABSOLUTE
    main.c                                   0x00000000   Number         0  main.o ABSOLUTE
    RESET                                    0x08000000   Section      192  startup_stm32f042x6.o(RESET)
    .ARM.Collect$$$$00000000                 0x080000c0   Section        0  entry.o(.ARM.Collect$$$$00000000)
    .ARM.Collect$$$$00000001                 0x080000c0   Section        4  entry2.o(.ARM.Collect$$$$00000001)
    .ARM.Collect$$$$00000004                 0x080000c4   Section        4  entry5.o(.ARM.Collect$$$$00000004)
    .ARM.Collect$$$$00000008                 0x080000c8   Section        0  entry7b.o(.ARM.Collect$$$$00000008)
    .ARM.Collect$$$$0000000A                 0x080000c8   Section        0  entry8b.o(.ARM.Collect$$$$0000000A)
    .ARM.Collect$$$$0000000B                 0x080000c8   Section        8  entry9a.o(.ARM.Collect$$$$0000000B)
    .ARM.Collect$$$$0000000D                 0x080000d0   Section        0  entry10a.o(.ARM.Collect$$$$0000000D)
    .ARM.Collect$$$$0000000F                 0x080000d0   Section        0  entry11a.o(.ARM.Collect$$$$0000000F)
    .ARM.Collect$$$$00002712                 0x080000d0   Section        4  entry2.o(.ARM.Collect$$$$00002712)
    __lit__00000000                          0x080000d0   Data           4  entry2.o(.ARM.Collect$$$$00002712)
    .text                                    0x080000d4   Section       88  startup_stm32f042x6.o(.text)
    .text                                    0x0800012c   Section        0  uidiv.o(.text)
    .text                                    0x08000158   Section        0  idiv.o(.text)
    .text                                    0x08000180   Section        0  __0sscanf.o(.text)
    .text                                    0x080001bc   Section        0  _scanf_int.o(.text)
    .text                                    0x08000306   Section        0  _scanf_str.o(.text)
    .text                                    0x080003f0   Section        0  scanf_fp.o(.text)
    _fp_value                                0x080003f1   Thumb Code   286  scanf_fp.o(.text)
    .text                                    0x08000764   Section        0  fmul.o(.text)
    .text                                    0x080007e0   Section        0  dmul.o(.text)
    .text                                    0x080008b0   Section        0  ffixui.o(.text)
    .text                                    0x080008d8   Section        0  dfixui.o(.text)
    .text                                    0x08000914   Section        0  f2d.o(.text)
    .text                                    0x0800093c   Section        0  llmul.o(.text)
    .text                                    0x080009b6   Section        0  llushr.o(.text)
    .text                                    0x080009d8   Section        0  _chval.o(.text)
    .text                                    0x080009f8   Section        0  scanf_char.o(.text)
    _scanf_char_input                        0x080009f9   Thumb Code    12  scanf_char.o(.text)
    .text                                    0x08000a24   Section        0  _sgetc.o(.text)
    .text                                    0x08000a68   Section        0  iusefp.o(.text)
    .text                                    0x08000a68   Section        0  depilogue.o(.text)
    .text                                    0x08000b28   Section        0  ddiv.o(.text)
    .text                                    0x08000c18   Section        0  dfltul.o(.text)
    .text                                    0x08000c34   Section        0  d2f.o(.text)
    .text                                    0x08000c6c   Section       36  init.o(.text)
    .text                                    0x08000c90   Section        0  llshl.o(.text)
    .text                                    0x08000cb0   Section        0  isspace_c.o(.text)
    .text                                    0x08000cc0   Section        0  _scanf.o(.text)
    .text                                    0x08000ff8   Section        0  fepilogue.o(.text)
    .text                                    0x0800107c   Section        0  ctype_c.o(.text)
    i.BUF_DATA_new                           0x080010a0   Section        0  main.o(i.BUF_DATA_new)
    i.I2C_Start                              0x08001170   Section        0  main.o(i.I2C_Start)
    i.I2C_Stop                               0x080011a4   Section        0  main.o(i.I2C_Stop)
    i.I2C_write                              0x080011e0   Section        0  main.o(i.I2C_write)
    i.LCD_Char                               0x080011f8   Section        0  main.o(i.LCD_Char)
    i.LCD_Clear                              0x08001258   Section        0  main.o(i.LCD_Clear)
    i.LCD_ClearStr                           0x08001284   Section        0  main.o(i.LCD_ClearStr)
    i.LCD_Gotoxy                             0x080012c0   Section        0  main.o(i.LCD_Gotoxy)
    i.LCD_Init                               0x080012f8   Section        0  main.o(i.LCD_Init)
    i.LCD_PrintDec                           0x08001384   Section        0  main.o(i.LCD_PrintDec)
    i.LCD_PrintStr                           0x080013de   Section        0  main.o(i.LCD_PrintStr)
    i.SystemInit                             0x080013f8   Section        0  system_stm32f0xx.o(i.SystemInit)
    i.TIM17_IRQHandler                       0x0800146c   Section        0  main.o(i.TIM17_IRQHandler)
    i.TimingDelayDec                         0x08001490   Section        0  main.o(i.TimingDelayDec)
    i.USART1_IRQHandler                      0x08001524   Section        0  main.o(i.USART1_IRQHandler)
    i.__ARM_clz                              0x08001638   Section        0  depilogue.o(i.__ARM_clz)
    i.__NVIC_EnableIRQ                       0x08001668   Section        0  main.o(i.__NVIC_EnableIRQ)
    __NVIC_EnableIRQ                         0x08001669   Thumb Code    18  main.o(i.__NVIC_EnableIRQ)
    i.__NVIC_SetPriority                     0x08001680   Section        0  main.o(i.__NVIC_SetPriority)
    __NVIC_SetPriority                       0x08001681   Thumb Code   110  main.o(i.__NVIC_SetPriority)
    i.__scatterload_copy                     0x080016f8   Section       14  handlers.o(i.__scatterload_copy)
    i.__scatterload_null                     0x08001706   Section        2  handlers.o(i.__scatterload_null)
    i.__scatterload_zeroinit                 0x08001708   Section       14  handlers.o(i.__scatterload_zeroinit)
    i._is_digit                              0x08001716   Section        0  scanf_fp.o(i._is_digit)
    i.delay_ms                               0x08001724   Section        0  main.o(i.delay_ms)
    i.initial                                0x08001738   Section        0  main.o(i.initial)
    i.main                                   0x08001878   Section        0  main.o(i.main)
    .constdata                               0x08001ba8   Section     1128  main.o(.constdata)
    .constdata                               0x08002010   Section       64  ctype_c.o(.constdata)
    .data                                    0x20000000   Section       15  main.o(.data)
    .bss                                     0x20000010   Section      188  main.o(.bss)
    STACK                                    0x200000d0   Section     1024  startup_stm32f042x6.o(STACK)

    Global Symbols

    Symbol Name                              Value     Ov Type        Size  Object(Section)

    BuildAttributes$$THM_ISAv3M$S$PE$A:L22$X:L11$S22$IEEE1$IW$USESV6$~STKCKD$USESV7$~SHL$OTIME$ROPI$EBA8$MICROLIB$REQ8$PRES8$EABIv2 0x00000000   Number         0  anon$$obj.o ABSOLUTE
    __ARM_use_no_argv                        0x00000000   Number         0  main.o ABSOLUTE
    __cpp_initialize__aeabi_                  - Undefined Weak Reference
    __cxa_finalize                            - Undefined Weak Reference
    __decompress                              - Undefined Weak Reference
    _clock_init                               - Undefined Weak Reference
    _microlib_exit                            - Undefined Weak Reference
    _scanf_longlong                           - Undefined Weak Reference
    __Vectors_Size                           0x000000c0   Number         0  startup_stm32f042x6.o ABSOLUTE
    __Vectors                                0x08000000   Data           4  startup_stm32f042x6.o(RESET)
    __Vectors_End                            0x080000c0   Data           0  startup_stm32f042x6.o(RESET)
    __main                                   0x080000c1   Thumb Code     0  entry.o(.ARM.Collect$$$$00000000)
    _main_stk                                0x080000c1   Thumb Code     0  entry2.o(.ARM.Collect$$$$00000001)
    _main_scatterload                        0x080000c5   Thumb Code     0  entry5.o(.ARM.Collect$$$$00000004)
    __main_after_scatterload                 0x080000c9   Thumb Code     0  entry5.o(.ARM.Collect$$$$00000004)
    _main_clock                              0x080000c9   Thumb Code     0  entry7b.o(.ARM.Collect$$$$00000008)
    _main_cpp_init                           0x080000c9   Thumb Code     0  entry8b.o(.ARM.Collect$$$$0000000A)
    _main_init                               0x080000c9   Thumb Code     0  entry9a.o(.ARM.Collect$$$$0000000B)
    __rt_final_cpp                           0x080000d1   Thumb Code     0  entry10a.o(.ARM.Collect$$$$0000000D)
    __rt_final_exit                          0x080000d1   Thumb Code     0  entry11a.o(.ARM.Collect$$$$0000000F)
    Reset_Handler                            0x080000d5   Thumb Code    38  startup_stm32f042x6.o(.text)
    NMI_Handler                              0x080000fb   Thumb Code     2  startup_stm32f042x6.o(.text)
    HardFault_Handler                        0x080000fd   Thumb Code     2  startup_stm32f042x6.o(.text)
    SVC_Handler                              0x080000ff   Thumb Code     2  startup_stm32f042x6.o(.text)
    PendSV_Handler                           0x08000101   Thumb Code     2  startup_stm32f042x6.o(.text)
    SysTick_Handler                          0x08000103   Thumb Code     2  startup_stm32f042x6.o(.text)
    ADC1_IRQHandler                          0x08000105   Thumb Code     0  startup_stm32f042x6.o(.text)
    CEC_CAN_IRQHandler                       0x08000105   Thumb Code     0  startup_stm32f042x6.o(.text)
    DMA1_Channel1_IRQHandler                 0x08000105   Thumb Code     0  startup_stm32f042x6.o(.text)
    DMA1_Channel2_3_IRQHandler               0x08000105   Thumb Code     0  startup_stm32f042x6.o(.text)
    DMA1_Channel4_5_IRQHandler               0x08000105   Thumb Code     0  startup_stm32f042x6.o(.text)
    EXTI0_1_IRQHandler                       0x08000105   Thumb Code     0  startup_stm32f042x6.o(.text)
    EXTI2_3_IRQHandler                       0x08000105   Thumb Code     0  startup_stm32f042x6.o(.text)
    EXTI4_15_IRQHandler                      0x08000105   Thumb Code     0  startup_stm32f042x6.o(.text)
    FLASH_IRQHandler                         0x08000105   Thumb Code     0  startup_stm32f042x6.o(.text)
    I2C1_IRQHandler                          0x08000105   Thumb Code     0  startup_stm32f042x6.o(.text)
    PVD_VDDIO2_IRQHandler                    0x08000105   Thumb Code     0  startup_stm32f042x6.o(.text)
    RCC_CRS_IRQHandler                       0x08000105   Thumb Code     0  startup_stm32f042x6.o(.text)
    RTC_IRQHandler                           0x08000105   Thumb Code     0  startup_stm32f042x6.o(.text)
    SPI1_IRQHandler                          0x08000105   Thumb Code     0  startup_stm32f042x6.o(.text)
    SPI2_IRQHandler                          0x08000105   Thumb Code     0  startup_stm32f042x6.o(.text)
    TIM14_IRQHandler                         0x08000105   Thumb Code     0  startup_stm32f042x6.o(.text)
    TIM16_IRQHandler                         0x08000105   Thumb Code     0  startup_stm32f042x6.o(.text)
    TIM1_BRK_UP_TRG_COM_IRQHandler           0x08000105   Thumb Code     0  startup_stm32f042x6.o(.text)
    TIM1_CC_IRQHandler                       0x08000105   Thumb Code     0  startup_stm32f042x6.o(.text)
    TIM2_IRQHandler                          0x08000105   Thumb Code     0  startup_stm32f042x6.o(.text)
    TIM3_IRQHandler                          0x08000105   Thumb Code     0  startup_stm32f042x6.o(.text)
    TSC_IRQHandler                           0x08000105   Thumb Code     0  startup_stm32f042x6.o(.text)
    USART2_IRQHandler                        0x08000105   Thumb Code     0  startup_stm32f042x6.o(.text)
    USB_IRQHandler                           0x08000105   Thumb Code     0  startup_stm32f042x6.o(.text)
    WWDG_IRQHandler                          0x08000105   Thumb Code     0  startup_stm32f042x6.o(.text)
    __aeabi_uidiv                            0x0800012d   Thumb Code     0  uidiv.o(.text)
    __aeabi_uidivmod                         0x0800012d   Thumb Code    44  uidiv.o(.text)
    __aeabi_idiv                             0x08000159   Thumb Code     0  idiv.o(.text)
    __aeabi_idivmod                          0x08000159   Thumb Code    40  idiv.o(.text)
    __0sscanf                                0x08000181   Thumb Code    50  __0sscanf.o(.text)
    _scanf_int                               0x080001bd   Thumb Code   330  _scanf_int.o(.text)
    _scanf_string                            0x08000307   Thumb Code   232  _scanf_str.o(.text)
    _scanf_real                              0x0800050f   Thumb Code     0  scanf_fp.o(.text)
    _scanf_really_real                       0x0800050f   Thumb Code   586  scanf_fp.o(.text)
    __aeabi_fmul                             0x08000765   Thumb Code   122  fmul.o(.text)
    __aeabi_dmul                             0x080007e1   Thumb Code   202  dmul.o(.text)
    __aeabi_f2uiz                            0x080008b1   Thumb Code    40  ffixui.o(.text)
    __aeabi_d2uiz                            0x080008d9   Thumb Code    50  dfixui.o(.text)
    __aeabi_f2d                              0x08000915   Thumb Code    40  f2d.o(.text)
    __aeabi_lmul                             0x0800093d   Thumb Code   122  llmul.o(.text)
    _ll_mul                                  0x0800093d   Thumb Code     0  llmul.o(.text)
    __aeabi_llsr                             0x080009b7   Thumb Code    34  llushr.o(.text)
    _ll_ushift_r                             0x080009b7   Thumb Code     0  llushr.o(.text)
    _chval                                   0x080009d9   Thumb Code    30  _chval.o(.text)
    __vfscanf_char                           0x08000a05   Thumb Code    24  scanf_char.o(.text)
    _sgetc                                   0x08000a25   Thumb Code    32  _sgetc.o(.text)
    _sbackspace                              0x08000a45   Thumb Code    36  _sgetc.o(.text)
    __I$use$fp                               0x08000a69   Thumb Code     0  iusefp.o(.text)
    _double_round                            0x08000a69   Thumb Code    26  depilogue.o(.text)
    _double_epilogue                         0x08000a83   Thumb Code   164  depilogue.o(.text)
    __aeabi_ddiv                             0x08000b29   Thumb Code   234  ddiv.o(.text)
    __aeabi_ul2d                             0x08000c19   Thumb Code    22  dfltul.o(.text)
    __aeabi_d2f                              0x08000c35   Thumb Code    56  d2f.o(.text)
    __scatterload                            0x08000c6d   Thumb Code    28  init.o(.text)
    __scatterload_rt2                        0x08000c6d   Thumb Code     0  init.o(.text)
    __aeabi_llsl                             0x08000c91   Thumb Code    32  llshl.o(.text)
    _ll_shift_l                              0x08000c91   Thumb Code     0  llshl.o(.text)
    isspace                                  0x08000cb1   Thumb Code    14  isspace_c.o(.text)
    __vfscanf                                0x08000cc1   Thumb Code   812  _scanf.o(.text)
    _float_round                             0x08000ff9   Thumb Code    16  fepilogue.o(.text)
    _float_epilogue                          0x08001009   Thumb Code   114  fepilogue.o(.text)
    __ctype_lookup                           0x0800107d   Thumb Code    32  ctype_c.o(.text)
    BUF_DATA_new                             0x080010a1   Thumb Code   144  main.o(i.BUF_DATA_new)
    I2C_Start                                0x08001171   Thumb Code    44  main.o(i.I2C_Start)
    I2C_Stop                                 0x080011a5   Thumb Code    54  main.o(i.I2C_Stop)
    I2C_write                                0x080011e1   Thumb Code    20  main.o(i.I2C_write)
    LCD_Char                                 0x080011f9   Thumb Code    90  main.o(i.LCD_Char)
    LCD_Clear                                0x08001259   Thumb Code    24  main.o(i.LCD_Clear)
    LCD_ClearStr                             0x08001285   Thumb Code    38  main.o(i.LCD_ClearStr)
    LCD_Gotoxy                               0x080012c1   Thumb Code    56  main.o(i.LCD_Gotoxy)
    LCD_Init                                 0x080012f9   Thumb Code   140  main.o(i.LCD_Init)
    LCD_PrintDec                             0x08001385   Thumb Code    90  main.o(i.LCD_PrintDec)
    LCD_PrintStr                             0x080013df   Thumb Code    26  main.o(i.LCD_PrintStr)
    SystemInit                               0x080013f9   Thumb Code   104  system_stm32f0xx.o(i.SystemInit)
    TIM17_IRQHandler                         0x0800146d   Thumb Code    32  main.o(i.TIM17_IRQHandler)
    TimingDelayDec                           0x08001491   Thumb Code   120  main.o(i.TimingDelayDec)
    USART1_IRQHandler                        0x08001525   Thumb Code   248  main.o(i.USART1_IRQHandler)
    __ARM_clz                                0x08001639   Thumb Code    46  depilogue.o(i.__ARM_clz)
    __scatterload_copy                       0x080016f9   Thumb Code    14  handlers.o(i.__scatterload_copy)
    __scatterload_null                       0x08001707   Thumb Code     2  handlers.o(i.__scatterload_null)
    __scatterload_zeroinit                   0x08001709   Thumb Code    14  handlers.o(i.__scatterload_zeroinit)
    _is_digit                                0x08001717   Thumb Code    14  scanf_fp.o(i._is_digit)
    delay_ms                                 0x08001725   Thumb Code    16  main.o(i.delay_ms)
    initial                                  0x08001739   Thumb Code   286  main.o(i.initial)
    main                                     0x08001879   Thumb Code   660  main.o(i.main)
    R_Earth                                  0x08001ba8   Data           4  main.o(.constdata)
    Pi                                       0x08001bac   Data           4  main.o(.constdata)
    T191_font                                0x08001bb0   Data        1120  main.o(.constdata)
    __ctype_categories                       0x08002010   Data          64  ctype_c.o(.constdata)
    Region$$Table$$Base                      0x08002050   Number         0  anon$$obj.o(Region$$Table)
    Region$$Table$$Limit                     0x08002070   Number         0  anon$$obj.o(Region$$Table)
    i                                        0x20000000   Data           1  main.o(.data)
    act_GPS                                  0x20000001   Data           1  main.o(.data)
    word_flag                                0x20000002   Data           1  main.o(.data)
    flag_update_lcd_gps                      0x20000003   Data           1  main.o(.data)
    usart_rx                                 0x20000004   Data           1  main.o(.data)
    temp_buf                                 0x20000005   Data           1  main.o(.data)
    TimingDelay                              0x20000006   Data           2  main.o(.data)
    led_count                                0x20000008   Data           2  main.o(.data)
    ms1000                                   0x2000000a   Data           2  main.o(.data)
    ms200                                    0x2000000c   Data           1  main.o(.data)
    msec200                                  0x2000000d   Data           1  main.o(.data)
    sec_tic                                  0x2000000e   Data           1  main.o(.data)
    GPS_RMC                                  0x20000010   Data          24  main.o(.bss)
    USART_BUF                                0x20000028   Data          82  main.o(.bss)
    TMP_BUF                                  0x2000007a   Data          82  main.o(.bss)
    __initial_sp                             0x200004d0   Data           0  startup_stm32f042x6.o(STACK)



==============================================================================

Memory Map of the image

  Image Entry point : 0x080000d5

  Load Region LR_1 (Base: 0x08000000, Size: 0x00002080, Max: 0xffffffff, ABSOLUTE)

    Execution Region ER_RO (Exec base: 0x08000000, Load base: 0x08000000, Size: 0x00002070, Max: 0xffffffff, ABSOLUTE)

    Exec Addr    Load Addr    Size         Type   Attr      Idx    E Section Name        Object

    0x08000000   0x08000000   0x000000c0   Data   RO          194    RESET               startup_stm32f042x6.o
    0x080000c0   0x080000c0   0x00000000   Code   RO          235  * .ARM.Collect$$$$00000000  mc_p.l(entry.o)
    0x080000c0   0x080000c0   0x00000004   Code   RO          262    .ARM.Collect$$$$00000001  mc_p.l(entry2.o)
    0x080000c4   0x080000c4   0x00000004   Code   RO          265    .ARM.Collect$$$$00000004  mc_p.l(entry5.o)
    0x080000c8   0x080000c8   0x00000000   Code   RO          267    .ARM.Collect$$$$00000008  mc_p.l(entry7b.o)
    0x080000c8   0x080000c8   0x00000000   Code   RO          269    .ARM.Collect$$$$0000000A  mc_p.l(entry8b.o)
    0x080000c8   0x080000c8   0x00000008   Code   RO          270    .ARM.Collect$$$$0000000B  mc_p.l(entry9a.o)
    0x080000d0   0x080000d0   0x00000000   Code   RO          272    .ARM.Collect$$$$0000000D  mc_p.l(entry10a.o)
    0x080000d0   0x080000d0   0x00000000   Code   RO          274    .ARM.Collect$$$$0000000F  mc_p.l(entry11a.o)
    0x080000d0   0x080000d0   0x00000004   Code   RO          263    .ARM.Collect$$$$00002712  mc_p.l(entry2.o)
    0x080000d4   0x080000d4   0x00000058   Code   RO          195  * .text               startup_stm32f042x6.o
    0x0800012c   0x0800012c   0x0000002c   Code   RO          238    .text               mc_p.l(uidiv.o)
    0x08000158   0x08000158   0x00000028   Code   RO          240    .text               mc_p.l(idiv.o)
    0x08000180   0x08000180   0x0000003c   Code   RO          242    .text               mc_p.l(__0sscanf.o)
    0x080001bc   0x080001bc   0x0000014a   Code   RO          244    .text               mc_p.l(_scanf_int.o)
    0x08000306   0x08000306   0x000000e8   Code   RO          246    .text               mc_p.l(_scanf_str.o)
    0x080003ee   0x080003ee   0x00000002   PAD
    0x080003f0   0x080003f0   0x00000374   Code   RO          248    .text               mc_p.l(scanf_fp.o)
    0x08000764   0x08000764   0x0000007a   Code   RO          252    .text               mf_p.l(fmul.o)
    0x080007de   0x080007de   0x00000002   PAD
    0x080007e0   0x080007e0   0x000000d0   Code   RO          254    .text               mf_p.l(dmul.o)
    0x080008b0   0x080008b0   0x00000028   Code   RO          256    .text               mf_p.l(ffixui.o)
    0x080008d8   0x080008d8   0x0000003c   Code   RO          258    .text               mf_p.l(dfixui.o)
    0x08000914   0x08000914   0x00000028   Code   RO          260    .text               mf_p.l(f2d.o)
    0x0800093c   0x0800093c   0x0000007a   Code   RO          276    .text               mc_p.l(llmul.o)
    0x080009b6   0x080009b6   0x00000022   Code   RO          278    .text               mc_p.l(llushr.o)
    0x080009d8   0x080009d8   0x0000001e   Code   RO          280    .text               mc_p.l(_chval.o)
    0x080009f6   0x080009f6   0x00000002   PAD
    0x080009f8   0x080009f8   0x0000002c   Code   RO          282    .text               mc_p.l(scanf_char.o)
    0x08000a24   0x08000a24   0x00000044   Code   RO          284    .text               mc_p.l(_sgetc.o)
    0x08000a68   0x08000a68   0x00000000   Code   RO          286    .text               mc_p.l(iusefp.o)
    0x08000a68   0x08000a68   0x000000be   Code   RO          287    .text               mf_p.l(depilogue.o)
    0x08000b26   0x08000b26   0x00000002   PAD
    0x08000b28   0x08000b28   0x000000f0   Code   RO          291    .text               mf_p.l(ddiv.o)
    0x08000c18   0x08000c18   0x0000001c   Code   RO          293    .text               mf_p.l(dfltul.o)
    0x08000c34   0x08000c34   0x00000038   Code   RO          295    .text               mf_p.l(d2f.o)
    0x08000c6c   0x08000c6c   0x00000024   Code   RO          297    .text               mc_p.l(init.o)
    0x08000c90   0x08000c90   0x00000020   Code   RO          299    .text               mc_p.l(llshl.o)
    0x08000cb0   0x08000cb0   0x0000000e   Code   RO          301    .text               mc_p.l(isspace_c.o)
    0x08000cbe   0x08000cbe   0x00000002   PAD
    0x08000cc0   0x08000cc0   0x00000338   Code   RO          303    .text               mc_p.l(_scanf.o)
    0x08000ff8   0x08000ff8   0x00000082   Code   RO          305    .text               mf_p.l(fepilogue.o)
    0x0800107a   0x0800107a   0x00000002   PAD
    0x0800107c   0x0800107c   0x00000024   Code   RO          307    .text               mc_p.l(ctype_c.o)
    0x080010a0   0x080010a0   0x000000d0   Code   RO            3    i.BUF_DATA_new      main.o
    0x08001170   0x08001170   0x00000034   Code   RO            4    i.I2C_Start         main.o
    0x080011a4   0x080011a4   0x0000003c   Code   RO            5    i.I2C_Stop          main.o
    0x080011e0   0x080011e0   0x00000018   Code   RO            6    i.I2C_write         main.o
    0x080011f8   0x080011f8   0x00000060   Code   RO            7    i.LCD_Char          main.o
    0x08001258   0x08001258   0x0000002c   Code   RO            8    i.LCD_Clear         main.o
    0x08001284   0x08001284   0x0000003c   Code   RO            9    i.LCD_ClearStr      main.o
    0x080012c0   0x080012c0   0x00000038   Code   RO           10    i.LCD_Gotoxy        main.o
    0x080012f8   0x080012f8   0x0000008c   Code   RO           11    i.LCD_Init          main.o
    0x08001384   0x08001384   0x0000005a   Code   RO           13    i.LCD_PrintDec      main.o
    0x080013de   0x080013de   0x0000001a   Code   RO           15    i.LCD_PrintStr      main.o
    0x080013f8   0x080013f8   0x00000074   Code   RO          202    i.SystemInit        system_stm32f0xx.o
    0x0800146c   0x0800146c   0x00000024   Code   RO           18    i.TIM17_IRQHandler  main.o
    0x08001490   0x08001490   0x00000094   Code   RO           19    i.TimingDelayDec    main.o
    0x08001524   0x08001524   0x00000114   Code   RO           20    i.USART1_IRQHandler  main.o
    0x08001638   0x08001638   0x0000002e   Code   RO          289    i.__ARM_clz         mf_p.l(depilogue.o)
    0x08001666   0x08001666   0x00000002   PAD
    0x08001668   0x08001668   0x00000018   Code   RO           21    i.__NVIC_EnableIRQ  main.o
    0x08001680   0x08001680   0x00000078   Code   RO           22    i.__NVIC_SetPriority  main.o
    0x080016f8   0x080016f8   0x0000000e   Code   RO          312    i.__scatterload_copy  mc_p.l(handlers.o)
    0x08001706   0x08001706   0x00000002   Code   RO          313    i.__scatterload_null  mc_p.l(handlers.o)
    0x08001708   0x08001708   0x0000000e   Code   RO          314    i.__scatterload_zeroinit  mc_p.l(handlers.o)
    0x08001716   0x08001716   0x0000000e   Code   RO          250    i._is_digit         mc_p.l(scanf_fp.o)
    0x08001724   0x08001724   0x00000014   Code   RO           23    i.delay_ms          main.o
    0x08001738   0x08001738   0x00000140   Code   RO           24    i.initial           main.o
    0x08001878   0x08001878   0x00000330   Code   RO           25    i.main              main.o
    0x08001ba8   0x08001ba8   0x00000468   Data   RO           27    .constdata          main.o
    0x08002010   0x08002010   0x00000040   Data   RO          308    .constdata          mc_p.l(ctype_c.o)
    0x08002050   0x08002050   0x00000020   Data   RO          310    Region$$Table       anon$$obj.o


    Execution Region ER_RW (Exec base: 0x20000000, Load base: 0x08002070, Size: 0x00000010, Max: 0xffffffff, ABSOLUTE)

    Exec Addr    Load Addr    Size         Type   Attr      Idx    E Section Name        Object

    0x20000000   0x08002070   0x0000000f   Data   RW           28    .data               main.o


    Execution Region ER_ZI (Exec base: 0x20000010, Load base: 0x08002080, Size: 0x000004c0, Max: 0xffffffff, ABSOLUTE)

    Exec Addr    Load Addr    Size         Type   Attr      Idx    E Section Name        Object

    0x20000010        -       0x000000bc   Zero   RW           26    .bss                main.o
    0x200000cc   0x08002080   0x00000004   PAD
    0x200000d0        -       0x00000400   Zero   RW          192    STACK               startup_stm32f042x6.o


==============================================================================

Image component sizes


      Code (inc. data)   RO Data    RW Data    ZI Data      Debug   Object Name

      2616        400       1128         15        188     379292   main.o
        88         38        192          0       1024        664   startup_stm32f042x6.o
       116         12          0          0          0        493   system_stm32f0xx.o

    ----------------------------------------------------------------------
      2820        450       1352         16       1216     380449   Object Totals
         0          0         32          0          0          0   (incl. Generated)
         0          0          0          1          4          0   (incl. Padding)

    ----------------------------------------------------------------------

      Code (inc. data)   RO Data    RW Data    ZI Data      Debug   Library Member Name

        60         10          0          0          0         84   __0sscanf.o
        30          0          0          0          0         60   _chval.o
       824         12          0          0          0         84   _scanf.o
       330          0          0          0          0         84   _scanf_int.o
       232          0          0          0          0         84   _scanf_str.o
        68          0          0          0          0         76   _sgetc.o
        36          4         64          0          0         60   ctype_c.o
         0          0          0          0          0          0   entry.o
         0          0          0          0          0          0   entry10a.o
         0          0          0          0          0          0   entry11a.o
         8          4          0          0          0          0   entry2.o
         4          0          0          0          0          0   entry5.o
         0          0          0          0          0          0   entry7b.o
         0          0          0          0          0          0   entry8b.o
         8          4          0          0          0          0   entry9a.o
        30          0          0          0          0          0   handlers.o
        40          0          0          0          0         72   idiv.o
        36          8          0          0          0         68   init.o
        14          0          0          0          0         68   isspace_c.o
         0          0          0          0          0          0   iusefp.o
       122          0          0          0          0         84   llmul.o
        32          0          0          0          0         68   llshl.o
        34          0          0          0          0         68   llushr.o
        44          8          0          0          0         84   scanf_char.o
       898         12          0          0          0        184   scanf_fp.o
        44          0          0          0          0         72   uidiv.o
        56          0          0          0          0         68   d2f.o
       240          6          0          0          0         84   ddiv.o
       236          0          0          0          0        216   depilogue.o
        60         10          0          0          0         68   dfixui.o
        28          6          0          0          0         68   dfltul.o
       208          6          0          0          0         88   dmul.o
        40          0          0          0          0         60   f2d.o
       130          0          0          0          0        144   fepilogue.o
        40          0          0          0          0         60   ffixui.o
       122          0          0          0          0         72   fmul.o

    ----------------------------------------------------------------------
      4068         90         64          0          0       2228   Library Totals
        14          0          0          0          0          0   (incl. Padding)

    ----------------------------------------------------------------------

      Code (inc. data)   RO Data    RW Data    ZI Data      Debug   Library Name

      2894         62         64          0          0       1300   mc_p.l
      1160         28          0          0          0        928   mf_p.l

    ----------------------------------------------------------------------
      4068         90         64          0          0       2228   Library Totals

    ----------------------------------------------------------------------

==============================================================================


      Code (inc. data)   RO Data    RW Data    ZI Data      Debug   

      6888        540       1416         16       1216     380937   Grand Totals
      6888        540       1416         16       1216     380937   ELF Image Totals
      6888        540       1416         16          0          0   ROM Totals

==============================================================================

    Total RO  Size (Code + RO Data)                 8304 (   8.11kB)
    Total RW  Size (RW Data + ZI Data)              1232 (   1.20kB)
    Total ROM Size (Code + RO Data + RW Data)       8320 (   8.13kB)

==============================================================================

